2026-08-13 04:41:39,817: 13_features[Image: 1_090.pgm, function: cal_glcm_logged]-1:
1. 13 harlick features:
[[[ 1.  1.  1. ...  1.  1.  1.]
  [ 1.  1.  1. ...  1.  1.  1.]
  [ 1.  1.  1. ...  1.  1.  1.]
  ...
  [ 1.  1.  1. ...  1.  1.  1.]
  [ 1.  1.  1. ...  1.  1.  1.]
  [ 1.  1.  1. ...  1.  1.  1.]]

 [[ 1.  1.  1. ...  1.  1.  1.]
  [ 1.  1.  1. ...  1.  1.  1.]
  [ 1.  1.  1. ...  1.  1.  1.]
  ...
  [ 1.  1.  1. ...  1.  1.  1.]
  [ 1.  1.  1. ...  1.  1.  1.]
  [ 1.  1.  1. ...  1.  1.  1.]]

 [[ 0.  0.  0. ...  0.  0.  0.]
  [ 0.  0.  0. ...  0.  0.  0.]
  [ 0.  0.  0. ...  0.  0.  0.]
  ...
  [ 0.  0.  0. ...  0.  0.  0.]
  [ 0.  0.  0. ...  0.  0.  0.]
  [ 0.  0.  0. ...  0.  0.  0.]]

 ...

 [[-0. -0. -0. ... -0. -0. -0.]
  [-0. -0. -0. ... -0. -0. -0.]
  [-0. -0. -0. ... -0. -0. -0.]
  ...
  [-0. -0. -0. ... -0. -0. -0.]
  [-0. -0. -0. ... -0. -0. -0.]
  [-0. -0. -0. ... -0. -0. -0.]]

 [[ 0.  0.  0. ...  0.  0.  0.]
  [ 0.  0.  0. ...  0.  0.  0.]
  [ 0.  0.  0. ...  0.  0.  0.]
  ...
  [ 0.  0.  0. ...  0.  0.  0.]
  [ 0.  0.  0. ...  0.  0.  0.]
  [ 0.  0.  0. ...  0.  0.  0.]]

 [[ 0.  0.  0. ...  0.  0.  0.]
  [ 0.  0.  0. ...  0.  0.  0.]
  [ 0.  0.  0. ...  0.  0.  0.]
  ...
  [ 0.  0.  0. ...  0.  0.  0.]
  [ 0.  0.  0. ...  0.  0.  0.]
  [ 0.  0.  0. ...  0.  0.  0.]]]
2026-08-13 04:48:47,610: 13_features[Image: 1_090.pgm, function: cal_glcm_logged]-2:
1. Image stats  — min: 0, max: 162
2. Feature shape: (12, 217, 181)
3. Homogeneity  — min: 0.3333, max: 1.0000, mean: 0.8366
4. ASM          — min: 0.0250, max: 1.0000, mean: 0.5752
5. Edge         — min: 0.0000, max: 4611686018427387904.0000, mean: 1750179244471746560.0000
6. Contrast     — min: 0.0000, max: 23.0000, mean: 1.4030
7. Correlation  — min: -0.4286, max: 0.3636, mean: -0.0059
8. IDM          — min: 0.1770, max: 1.0000, mean: 0.7703
9. Sum Average  — min: 0.0000, max: 24.6000, mean: 8.3701
10. Sum Variance — min: 0.0000, max: 35.9400, mean: 1.6192
11. Sum Entropy  — min: 0.0000, max: 2.6492, mean: 0.7776
12. Entropy      — min: -0.0000, max: 3.6889, mean: 1.1168
13. Diff Var     — min: 0.0000, max: 14.5600, mean: 0.5421
14. Diff Entropy — min: 0.0000, max: 2.1025, mean: 0.5802
2026-08-13 04:56:57,407: 13_features[Image: 1_090.pgm, function: cal_glcm_logged]-3:
1. Image stats  — min: 0, max: 162
2. Feature shape: (12, 217, 181)
3. Homogeneity  — min: 0.3333, max: 1.0000, mean: 0.8366
4. ASM          — min: 0.0250, max: 1.0000, mean: 0.5752
5. Edge         — min: 0.0000, max: 4611686018427387904.0000, mean: 1750179244471746560.0000
6. Contrast     — min: 0.0000, max: 23.0000, mean: 1.4030
7. Correlation  — min: -0.4286, max: 0.3636, mean: -0.0059
8. IDM          — min: 0.1770, max: 1.0000, mean: 0.7703
9. Sum Average  — min: 0.0000, max: 24.6000, mean: 8.3701
10. Sum Variance — min: 0.0000, max: 35.9400, mean: 1.6192
11. Sum Entropy  — min: 0.0000, max: 2.6492, mean: 0.7776
12. Entropy      — min: -0.0000, max: 3.6889, mean: 1.1168
13. Diff Var     — min: 0.0000, max: 14.5600, mean: 0.5421
14. Diff Entropy — min: 0.0000, max: 2.1025, mean: 0.5802
2026-08-13 05:00:08,054: 13_features[Image: 1_090.pgm, function: cal_glcm_logged]-4:
1. Image stats  — min: 0, max: 162
2. Feature shape: (12, 217, 181)
3. Homogeneity  — min: 0.3333, max: 1.0000, mean: 0.8366
4. ASM          — min: 0.0250, max: 1.0000, mean: 0.5752
5. Edge         — min: 0.0000, max: 98.2500, mean: 8.8403
6. Contrast     — min: 0.0000, max: 23.0000, mean: 1.4030
7. Correlation  — min: -0.4286, max: 0.3636, mean: -0.0059
8. IDM          — min: 0.1770, max: 1.0000, mean: 0.7703
9. Sum Average  — min: 0.0000, max: 24.6000, mean: 8.3701
10. Sum Variance — min: 0.0000, max: 35.9400, mean: 1.6192
11. Sum Entropy  — min: 0.0000, max: 2.6492, mean: 0.7776
12. Entropy      — min: -0.0000, max: 3.6889, mean: 1.1168
13. Diff Var     — min: 0.0000, max: 14.5600, mean: 0.5421
14. Diff Entropy — min: 0.0000, max: 2.1025, mean: 0.5802
2026-08-14 10:38:54,846: thirteen_features[Image: 1_090.pgm, function: cal_glcm_logged]-5:
1. Image stats  — min: 0, max: 162
2. Feature shape: (12, 217, 181)
3. Homogeneity  — min: 0.3333, max: 1.0000, mean: 0.8366
4. ASM          — min: 0.0250, max: 1.0000, mean: 0.5752
5. Edge         — min: 0.0000, max: 98.2500, mean: 8.8403
6. Contrast     — min: 0.0000, max: 23.0000, mean: 1.4030
7. Correlation  — min: -0.4286, max: 0.3636, mean: -0.0059
8. IDM          — min: 0.1770, max: 1.0000, mean: 0.7703
9. Sum Average  — min: 0.0000, max: 24.6000, mean: 8.3701
10. Sum Variance — min: 0.0000, max: 35.9400, mean: 1.6192
11. Sum Entropy  — min: 0.0000, max: 2.6492, mean: 0.7776
12. Entropy      — min: -0.0000, max: 3.6889, mean: 1.1168
13. Diff Var     — min: 0.0000, max: 14.5600, mean: 0.5421
14. Diff Entropy — min: 0.0000, max: 2.1025, mean: 0.5802
2026-08-24 02:49:35,795: thirteen_features[Image: 1_090.pgm, function: cal_glcm_logged]-6:
1. Image stats  — min: 0, max: 162
2. Feature shape: (13, 217, 181)
3. Homogeneity  — min: 0.0000, max: 162.0000, mean: 47.8628
4. ASM          — min: 0.3333, max: 1.0000, mean: 0.8366
5. Edge         — min: 0.0250, max: 1.0000, mean: 0.5752
6. Contrast     — min: 0.0000, max: 98.2500, mean: 8.8403
7. Correlation  — min: 0.0000, max: 23.0000, mean: 1.4030
8. IDM          — min: -0.4286, max: 0.3636, mean: -0.0059
9. Sum Average  — min: 0.1770, max: 1.0000, mean: 0.7703
10. Sum Variance — min: 0.0000, max: 24.6000, mean: 8.3701
11. Sum Entropy  — min: 0.0000, max: 35.9400, mean: 1.6192
12. Entropy      — min: 0.0000, max: 2.6492, mean: 0.7776
13. Diff Var     — min: -0.0000, max: 3.6889, mean: 1.1168
14. Diff Entropy — min: 0.0000, max: 14.5600, mean: 0.5421
2026-08-24 02:52:38,213: thirteen_features[Image: 1_080.pgm, function: cal_glcm_logged]-1:
1. Image stats  — min: 0, max: 248
2. Feature shape: (13, 217, 181)
3. Homogeneity  — min: 0.0000, max: 248.0000, mean: 75.5346
4. ASM          — min: 0.3333, max: 1.0000, mean: 0.7187
5. Edge         — min: 0.0250, max: 1.0000, mean: 0.4907
6. Contrast     — min: 0.0000, max: 151.7500, mean: 17.5092
7. Correlation  — min: 0.0000, max: 21.2500, mean: 0.9792
8. IDM          — min: -0.4141, max: 0.3636, mean: 0.0820
9. Sum Average  — min: 0.1293, max: 1.0000, mean: 0.7754
10. Sum Variance — min: 0.0000, max: 25.1000, mean: 8.3456
11. Sum Entropy  — min: 0.0000, max: 44.7475, mean: 1.5797
12. Entropy      — min: 0.0000, max: 2.7878, mean: 0.8960
13. Diff Var     — min: -0.0000, max: 3.6889, mean: 1.2077
14. Diff Entropy — min: 0.0000, max: 6.5600, mean: 0.3774
2026-08-24 03:09:32,021: thirteen_features[Image: 1_080.pgm, function: cal_glcm_logged]-2:
1. Image stats  — min: 0, max: 248
2. Feature shape: (13, 217, 181)
3. Homogeneity  — min: 0.0000, max: 248.0000, mean: 75.5346
4. ASM          — min: 0.3333, max: 1.0000, mean: 0.7187
5. Edge         — min: 0.0250, max: 1.0000, mean: 0.4907
6. Contrast     — min: 0.0000, max: 151.7500, mean: 17.5092
7. Correlation  — min: 0.0000, max: 21.2500, mean: 0.9792
8. IDM          — min: -0.4141, max: 0.3636, mean: 0.0820
9. Sum Average  — min: 0.1293, max: 1.0000, mean: 0.7754
10. Sum Variance — min: 0.0000, max: 25.1000, mean: 8.3456
11. Sum Entropy  — min: 0.0000, max: 44.7475, mean: 1.5797
12. Entropy      — min: 0.0000, max: 2.7878, mean: 0.8960
13. Diff Var     — min: -0.0000, max: 3.6889, mean: 1.2077
14. Diff Entropy — min: 0.0000, max: 6.5600, mean: 0.3774
2026-08-24 03:24:47,431: thirteen_features[Image: 1_080.pgm, function: cal_glcm_logged]-3:
1. Image stats  — min: 0, max: 248
2. Feature shape: (13, 217, 181)
3. Homogeneity  — min: 0.0000, max: 248.0000, mean: 75.5346
4. ASM          — min: 0.3333, max: 1.0000, mean: 0.7187
5. Edge         — min: 0.0250, max: 1.0000, mean: 0.4907
6. Contrast     — min: 0.0000, max: 151.7500, mean: 17.5092
7. Correlation  — min: 0.0000, max: 21.2500, mean: 0.9792
8. IDM          — min: -0.4141, max: 0.3636, mean: 0.0820
9. Sum Average  — min: 0.1293, max: 1.0000, mean: 0.7754
10. Sum Variance — min: 0.0000, max: 25.1000, mean: 8.3456
11. Sum Entropy  — min: 0.0000, max: 44.7475, mean: 1.5797
12. Entropy      — min: 0.0000, max: 2.7878, mean: 0.8960
13. Diff Var     — min: -0.0000, max: 3.6889, mean: 1.2077
14. Diff Entropy — min: 0.0000, max: 6.5600, mean: 0.3774
2026-08-24 03:28:03,511: thirteen_features[Image: 1_080.pgm, function: cal_glcm_logged]-4:
1. Image stats  — min: 0, max: 248
2. Feature shape: (13, 217, 181)
3. Homogeneity  — min: 0.0000, max: 248.0000, mean: 75.5346
4. ASM          — min: 0.3333, max: 1.0000, mean: 0.7187
5. Edge         — min: 0.0250, max: 1.0000, mean: 0.4907
6. Contrast     — min: 0.0000, max: 151.7500, mean: 17.5092
7. Correlation  — min: 0.0000, max: 21.2500, mean: 0.9792
8. IDM          — min: -0.4141, max: 0.3636, mean: 0.0820
9. Sum Average  — min: 0.1293, max: 1.0000, mean: 0.7754
10. Sum Variance — min: 0.0000, max: 25.1000, mean: 8.3456
11. Sum Entropy  — min: 0.0000, max: 44.7475, mean: 1.5797
12. Entropy      — min: 0.0000, max: 2.7878, mean: 0.8960
13. Diff Var     — min: -0.0000, max: 3.6889, mean: 1.2077
14. Diff Entropy — min: 0.0000, max: 6.5600, mean: 0.3774
2026-08-24 03:33:22,651: thirteen_features[Image: 1_080.pgm, function: cal_glcm_logged]-5:
1. Image stats  — min: 0, max: 248
2. Feature shape: (13, 217, 181)
3. Homogeneity  — min: 0.0000, max: 248.0000, mean: 75.5346
4. ASM          — min: 0.3333, max: 1.0000, mean: 0.7187
5. Edge         — min: 0.0250, max: 1.0000, mean: 0.4907
6. Contrast     — min: 0.0000, max: 151.7500, mean: 17.5092
7. Correlation  — min: 0.0000, max: 21.2500, mean: 0.9792
8. IDM          — min: -0.4141, max: 0.3636, mean: 0.0820
9. Sum Average  — min: 0.1293, max: 1.0000, mean: 0.7754
10. Sum Variance — min: 0.0000, max: 25.1000, mean: 8.3456
11. Sum Entropy  — min: 0.0000, max: 44.7475, mean: 1.5797
12. Entropy      — min: 0.0000, max: 2.7878, mean: 0.8960
13. Diff Var     — min: -0.0000, max: 3.6889, mean: 1.2077
14. Diff Entropy — min: 0.0000, max: 6.5600, mean: 0.3774
2026-08-24 03:38:03,188: thirteen_features[Image: 1_080.pgm, function: cal_glcm_logged]-6:
1. Image stats  — min: 0, max: 248
2. Feature shape: (13, 217, 181)
3. Homogeneity  — min: 0.0000, max: 248.0000, mean: 75.5346
4. ASM          — min: 0.3333, max: 1.0000, mean: 0.7187
5. Edge         — min: 0.0250, max: 1.0000, mean: 0.4907
6. Contrast     — min: 0.0000, max: 151.7500, mean: 17.5092
7. Correlation  — min: 0.0000, max: 21.2500, mean: 0.9792
8. IDM          — min: -0.4141, max: 0.3636, mean: 0.0820
9. Sum Average  — min: 0.1293, max: 1.0000, mean: 0.7754
10. Sum Variance — min: 0.0000, max: 25.1000, mean: 8.3456
11. Sum Entropy  — min: 0.0000, max: 44.7475, mean: 1.5797
12. Entropy      — min: 0.0000, max: 2.7878, mean: 0.8960
13. Diff Var     — min: -0.0000, max: 3.6889, mean: 1.2077
14. Diff Entropy — min: 0.0000, max: 6.5600, mean: 0.3774
2026-08-24 03:39:40,448: thirteen_features[Image: 1_080.pgm, function: cal_glcm_logged]-7:
1. Image stats  — min: 0, max: 248
2. Feature shape: (13, 217, 181)
3. Homogeneity  — min: 0.0000, max: 248.0000, mean: 75.5346
4. ASM          — min: 0.3333, max: 1.0000, mean: 0.7187
5. Edge         — min: 0.0250, max: 1.0000, mean: 0.4907
6. Contrast     — min: 0.0000, max: 151.7500, mean: 17.5092
7. Correlation  — min: 0.0000, max: 21.2500, mean: 0.9792
8. IDM          — min: -0.4141, max: 0.3636, mean: 0.0820
9. Sum Average  — min: 0.1293, max: 1.0000, mean: 0.7754
10. Sum Variance — min: 0.0000, max: 25.1000, mean: 8.3456
11. Sum Entropy  — min: 0.0000, max: 44.7475, mean: 1.5797
12. Entropy      — min: 0.0000, max: 2.7878, mean: 0.8960
13. Diff Var     — min: -0.0000, max: 3.6889, mean: 1.2077
14. Diff Entropy — min: 0.0000, max: 6.5600, mean: 0.3774
2026-08-24 03:40:09,849: thirteen_features[Image: 1_080.pgm, function: cal_glcm_logged]-8:
1. Image stats  — min: 0, max: 248
2. Feature shape: (13, 217, 181)
3. Homogeneity  — min: 0.0000, max: 248.0000, mean: 75.5346
4. ASM          — min: 0.3333, max: 1.0000, mean: 0.7187
5. Edge         — min: 0.0250, max: 1.0000, mean: 0.4907
6. Contrast     — min: 0.0000, max: 151.7500, mean: 17.5092
7. Correlation  — min: 0.0000, max: 21.2500, mean: 0.9792
8. IDM          — min: -0.4141, max: 0.3636, mean: 0.0820
9. Sum Average  — min: 0.1293, max: 1.0000, mean: 0.7754
10. Sum Variance — min: 0.0000, max: 25.1000, mean: 8.3456
11. Sum Entropy  — min: 0.0000, max: 44.7475, mean: 1.5797
12. Entropy      — min: 0.0000, max: 2.7878, mean: 0.8960
13. Diff Var     — min: -0.0000, max: 3.6889, mean: 1.2077
14. Diff Entropy — min: 0.0000, max: 6.5600, mean: 0.3774
2026-08-24 03:42:36,024: thirteen_features[Image: 1_080.pgm, function: cal_glcm_logged]-9:
1. Image stats  — min: 0, max: 248
2. Feature shape: (13, 217, 181)
3. Homogeneity  — min: 0.0000, max: 248.0000, mean: 75.5346
4. ASM          — min: 0.3333, max: 1.0000, mean: 0.7187
5. Edge         — min: 0.0250, max: 1.0000, mean: 0.4907
6. Contrast     — min: 0.0000, max: 151.7500, mean: 17.5092
7. Correlation  — min: 0.0000, max: 21.2500, mean: 0.9792
8. IDM          — min: -0.4141, max: 0.3636, mean: 0.0820
9. Sum Average  — min: 0.1293, max: 1.0000, mean: 0.7754
10. Sum Variance — min: 0.0000, max: 25.1000, mean: 8.3456
11. Sum Entropy  — min: 0.0000, max: 44.7475, mean: 1.5797
12. Entropy      — min: 0.0000, max: 2.7878, mean: 0.8960
13. Diff Var     — min: -0.0000, max: 3.6889, mean: 1.2077
14. Diff Entropy — min: 0.0000, max: 6.5600, mean: 0.3774
2026-08-24 03:45:20,215: thirteen_features[Image: 1_080.pgm, function: cal_glcm_logged]-10:
1. Image stats  — min: 0, max: 248
2. Feature shape: (13, 217, 181)
3. Homogeneity  — min: 0.0000, max: 248.0000, mean: 75.5346
4. ASM          — min: 0.3333, max: 1.0000, mean: 0.7187
5. Edge         — min: 0.0250, max: 1.0000, mean: 0.4907
6. Contrast     — min: 0.0000, max: 151.7500, mean: 17.5092
7. Correlation  — min: 0.0000, max: 21.2500, mean: 0.9792
8. IDM          — min: -0.4141, max: 0.3636, mean: 0.0820
9. Sum Average  — min: 0.1293, max: 1.0000, mean: 0.7754
10. Sum Variance — min: 0.0000, max: 25.1000, mean: 8.3456
11. Sum Entropy  — min: 0.0000, max: 44.7475, mean: 1.5797
12. Entropy      — min: 0.0000, max: 2.7878, mean: 0.8960
13. Diff Var     — min: -0.0000, max: 3.6889, mean: 1.2077
14. Diff Entropy — min: 0.0000, max: 6.5600, mean: 0.3774
2026-08-24 03:51:05,956: thirteen_features[Image: 1_080.pgm, function: cal_glcm_logged]-11:
1. Image stats  — min: 0, max: 248
2. Feature shape: (13, 217, 181)
3. Homogeneity  — min: 0.0000, max: 248.0000, mean: 75.5346
4. ASM          — min: 0.3333, max: 1.0000, mean: 0.7187
5. Edge         — min: 0.0250, max: 1.0000, mean: 0.4907
6. Contrast     — min: 0.0000, max: 151.7500, mean: 17.5092
7. Correlation  — min: 0.0000, max: 21.2500, mean: 0.9792
8. IDM          — min: -0.4141, max: 0.3636, mean: 0.0820
9. Sum Average  — min: 0.1293, max: 1.0000, mean: 0.7754
10. Sum Variance — min: 0.0000, max: 25.1000, mean: 8.3456
11. Sum Entropy  — min: 0.0000, max: 44.7475, mean: 1.5797
12. Entropy      — min: 0.0000, max: 2.7878, mean: 0.8960
13. Diff Var     — min: -0.0000, max: 3.6889, mean: 1.2077
14. Diff Entropy — min: 0.0000, max: 6.5600, mean: 0.3774
2026-08-24 04:02:02,011: thirteen_features[Image: 1_080.pgm, function: cal_glcm_logged]-12:
1. Image stats  — min: 0, max: 248
2. Feature shape: (13, 217, 181)
3. Homogeneity  — min: 0.0000, max: 248.0000, mean: 75.5346
4. ASM          — min: 0.3333, max: 1.0000, mean: 0.7187
5. Edge         — min: 0.0250, max: 1.0000, mean: 0.4907
6. Contrast     — min: 0.0000, max: 151.7500, mean: 17.5092
7. Correlation  — min: 0.0000, max: 21.2500, mean: 0.9792
8. IDM          — min: -0.4141, max: 0.3636, mean: 0.0820
9. Sum Average  — min: 0.1293, max: 1.0000, mean: 0.7754
10. Sum Variance — min: 0.0000, max: 25.1000, mean: 8.3456
11. Sum Entropy  — min: 0.0000, max: 44.7475, mean: 1.5797
12. Entropy      — min: 0.0000, max: 2.7878, mean: 0.8960
13. Diff Var     — min: -0.0000, max: 3.6889, mean: 1.2077
14. Diff Entropy — min: 0.0000, max: 6.5600, mean: 0.3774
2026-08-24 04:03:09,167: thirteen_features[Image: 1_080.pgm, function: cal_glcm_logged]-13:
1. Image stats  — min: 0, max: 248
2. Feature shape: (13, 217, 181)
3. Homogeneity  — min: 0.0000, max: 248.0000, mean: 75.5346
4. ASM          — min: 0.3333, max: 1.0000, mean: 0.7187
5. Edge         — min: 0.0250, max: 1.0000, mean: 0.4907
6. Contrast     — min: 0.0000, max: 151.7500, mean: 17.5092
7. Correlation  — min: 0.0000, max: 21.2500, mean: 0.9792
8. IDM          — min: -0.4141, max: 0.3636, mean: 0.0820
9. Sum Average  — min: 0.1293, max: 1.0000, mean: 0.7754
10. Sum Variance — min: 0.0000, max: 25.1000, mean: 8.3456
11. Sum Entropy  — min: 0.0000, max: 44.7475, mean: 1.5797
12. Entropy      — min: 0.0000, max: 2.7878, mean: 0.8960
13. Diff Var     — min: -0.0000, max: 3.6889, mean: 1.2077
14. Diff Entropy — min: 0.0000, max: 6.5600, mean: 0.3774
2026-08-24 04:04:51,515: thirteen_features[Image: 1_080.pgm, function: cal_glcm_logged]-14:
1. Image stats  — min: 0, max: 248
2. Feature shape: (13, 217, 181)
3. Homogeneity  — min: 0.0000, max: 248.0000, mean: 75.5346
4. ASM          — min: 0.3333, max: 1.0000, mean: 0.7187
5. Edge         — min: 0.0250, max: 1.0000, mean: 0.4907
6. Contrast     — min: 0.0000, max: 151.7500, mean: 17.5092
7. Correlation  — min: 0.0000, max: 21.2500, mean: 0.9792
8. IDM          — min: -0.4141, max: 0.3636, mean: 0.0820
9. Sum Average  — min: 0.1293, max: 1.0000, mean: 0.7754
10. Sum Variance — min: 0.0000, max: 25.1000, mean: 8.3456
11. Sum Entropy  — min: 0.0000, max: 44.7475, mean: 1.5797
12. Entropy      — min: 0.0000, max: 2.7878, mean: 0.8960
13. Diff Var     — min: -0.0000, max: 3.6889, mean: 1.2077
14. Diff Entropy — min: 0.0000, max: 6.5600, mean: 0.3774
2026-08-24 04:11:27,886: thirteen_features[Image: 1_080.pgm, function: cal_glcm_logged]-15:
1. Image stats  — min: 0, max: 248
2. Feature shape: (13, 217, 181)
3. Homogeneity  — min: 0.0000, max: 248.0000, mean: 75.5346
4. ASM          — min: 0.3333, max: 1.0000, mean: 0.7187
5. Edge         — min: 0.0250, max: 1.0000, mean: 0.4907
6. Contrast     — min: 0.0000, max: 151.7500, mean: 17.5092
7. Correlation  — min: 0.0000, max: 21.2500, mean: 0.9792
8. IDM          — min: -0.4141, max: 0.3636, mean: 0.0820
9. Sum Average  — min: 0.1293, max: 1.0000, mean: 0.7754
10. Sum Variance — min: 0.0000, max: 25.1000, mean: 8.3456
11. Sum Entropy  — min: 0.0000, max: 44.7475, mean: 1.5797
12. Entropy      — min: 0.0000, max: 2.7878, mean: 0.8960
13. Diff Var     — min: -0.0000, max: 3.6889, mean: 1.2077
14. Diff Entropy — min: 0.0000, max: 6.5600, mean: 0.3774
2026-08-24 04:14:02,759: thirteen_features[Image: 1_080.pgm, function: cal_glcm_logged]-16:
1. Image stats  — min: 0, max: 248
2. Feature shape: (13, 217, 181)
3. Homogeneity  — min: 0.0000, max: 248.0000, mean: 75.5346
4. ASM          — min: 0.3333, max: 1.0000, mean: 0.7187
5. Edge         — min: 0.0250, max: 1.0000, mean: 0.4907
6. Contrast     — min: 0.0000, max: 151.7500, mean: 17.5092
7. Correlation  — min: 0.0000, max: 21.2500, mean: 0.9792
8. IDM          — min: -0.4141, max: 0.3636, mean: 0.0820
9. Sum Average  — min: 0.1293, max: 1.0000, mean: 0.7754
10. Sum Variance — min: 0.0000, max: 25.1000, mean: 8.3456
11. Sum Entropy  — min: 0.0000, max: 44.7475, mean: 1.5797
12. Entropy      — min: 0.0000, max: 2.7878, mean: 0.8960
13. Diff Var     — min: -0.0000, max: 3.6889, mean: 1.2077
14. Diff Entropy — min: 0.0000, max: 6.5600, mean: 0.3774
2026-08-24 04:15:13,206: thirteen_features[Image: 1_080.pgm, function: cal_glcm_logged]-17:
1. Image stats  — min: 0, max: 248
2. Feature shape: (13, 217, 181)
3. Homogeneity  — min: 0.0000, max: 248.0000, mean: 75.5346
4. ASM          — min: 0.3333, max: 1.0000, mean: 0.7187
5. Edge         — min: 0.0250, max: 1.0000, mean: 0.4907
6. Contrast     — min: 0.0000, max: 151.7500, mean: 17.5092
7. Correlation  — min: 0.0000, max: 21.2500, mean: 0.9792
8. IDM          — min: -0.4141, max: 0.3636, mean: 0.0820
9. Sum Average  — min: 0.1293, max: 1.0000, mean: 0.7754
10. Sum Variance — min: 0.0000, max: 25.1000, mean: 8.3456
11. Sum Entropy  — min: 0.0000, max: 44.7475, mean: 1.5797
12. Entropy      — min: 0.0000, max: 2.7878, mean: 0.8960
13. Diff Var     — min: -0.0000, max: 3.6889, mean: 1.2077
14. Diff Entropy — min: 0.0000, max: 6.5600, mean: 0.3774
2026-08-24 04:17:02,097: thirteen_features[Image: 1_080.pgm, function: cal_glcm_logged]-18:
1. Image stats  — min: 0, max: 248
2. Feature shape: (13, 217, 181)
3. Homogeneity  — min: 0.0000, max: 248.0000, mean: 75.5346
4. ASM          — min: 0.3333, max: 1.0000, mean: 0.7187
5. Edge         — min: 0.0250, max: 1.0000, mean: 0.4907
6. Contrast     — min: 0.0000, max: 151.7500, mean: 17.5092
7. Correlation  — min: 0.0000, max: 21.2500, mean: 0.9792
8. IDM          — min: -0.4141, max: 0.3636, mean: 0.0820
9. Sum Average  — min: 0.1293, max: 1.0000, mean: 0.7754
10. Sum Variance — min: 0.0000, max: 25.1000, mean: 8.3456
11. Sum Entropy  — min: 0.0000, max: 44.7475, mean: 1.5797
12. Entropy      — min: 0.0000, max: 2.7878, mean: 0.8960
13. Diff Var     — min: -0.0000, max: 3.6889, mean: 1.2077
14. Diff Entropy — min: 0.0000, max: 6.5600, mean: 0.3774
2026-08-25 14:29:20,767: thirteen_features[Image: 1_080.pgm, function: cal_glcm_logged]-19:
1. Image stats  — min: 0, max: 248
2. Feature shape: (13, 217, 181)
3. Homogeneity  — min: 0.0000, max: 248.0000, mean: 75.5346
4. ASM          — min: 0.3333, max: 1.0000, mean: 0.7187
5. Edge         — min: 0.0250, max: 1.0000, mean: 0.4907
6. Contrast     — min: 0.0000, max: 151.7500, mean: 17.5092
7. Correlation  — min: 0.0000, max: 21.2500, mean: 0.9792
8. IDM          — min: -0.4141, max: 0.3636, mean: 0.0820
9. Sum Average  — min: 0.1293, max: 1.0000, mean: 0.7754
10. Sum Variance — min: 0.0000, max: 25.1000, mean: 8.3456
11. Sum Entropy  — min: 0.0000, max: 44.7475, mean: 1.5797
12. Entropy      — min: 0.0000, max: 2.7878, mean: 0.8960
13. Diff Var     — min: -0.0000, max: 3.6889, mean: 1.2077
14. Diff Entropy — min: 0.0000, max: 6.5600, mean: 0.3774
2026-08-25 15:09:35,186: thirteen_features[Image: 1_080.pgm, function: cal_glcm_logged]-20:
1. Image stats  — min: 0, max: 248
2. Feature shape: (13, 217, 181)
3. Homogeneity  — min: 0.0000, max: 248.0000, mean: 75.5346
4. ASM          — min: 0.3333, max: 1.0000, mean: 0.7187
5. Edge         — min: 0.0250, max: 1.0000, mean: 0.4907
6. Contrast     — min: 0.0000, max: 151.7500, mean: 17.5092
7. Correlation  — min: 0.0000, max: 21.2500, mean: 0.9792
8. IDM          — min: -0.4141, max: 0.3636, mean: 0.0820
9. Sum Average  — min: 0.1293, max: 1.0000, mean: 0.7754
10. Sum Variance — min: 0.0000, max: 25.1000, mean: 8.3456
11. Sum Entropy  — min: 0.0000, max: 44.7475, mean: 1.5797
12. Entropy      — min: 0.0000, max: 2.7878, mean: 0.8960
13. Diff Var     — min: -0.0000, max: 3.6889, mean: 1.2077
14. Diff Entropy — min: 0.0000, max: 6.5600, mean: 0.3774
2026-08-25 15:15:07,938: thirteen_features[Image: 1_080.pgm, function: cal_glcm_logged]-21:
1. Image stats  — min: 0, max: 248
2. Feature shape: (13, 217, 181)
3. Homogeneity  — min: 0.0000, max: 248.0000, mean: 75.5346
4. ASM          — min: 0.3333, max: 1.0000, mean: 0.7187
5. Edge         — min: 0.0250, max: 1.0000, mean: 0.4907
6. Contrast     — min: 0.0000, max: 151.7500, mean: 17.5092
7. Correlation  — min: 0.0000, max: 21.2500, mean: 0.9792
8. IDM          — min: -0.4141, max: 0.3636, mean: 0.0820
9. Sum Average  — min: 0.1293, max: 1.0000, mean: 0.7754
10. Sum Variance — min: 0.0000, max: 25.1000, mean: 8.3456
11. Sum Entropy  — min: 0.0000, max: 44.7475, mean: 1.5797
12. Entropy      — min: 0.0000, max: 2.7878, mean: 0.8960
13. Diff Var     — min: -0.0000, max: 3.6889, mean: 1.2077
14. Diff Entropy — min: 0.0000, max: 6.5600, mean: 0.3774
2026-08-25 15:17:10,204: thirteen_features[Image: 1_080.pgm, function: cal_glcm_logged]-22:
1. Image stats  — min: 0, max: 248
2. Feature shape: (13, 217, 181)
3. Homogeneity  — min: 0.0000, max: 248.0000, mean: 75.5346
4. ASM          — min: 0.3333, max: 1.0000, mean: 0.7187
5. Edge         — min: 0.0250, max: 1.0000, mean: 0.4907
6. Contrast     — min: 0.0000, max: 151.7500, mean: 17.5092
7. Correlation  — min: 0.0000, max: 21.2500, mean: 0.9792
8. IDM          — min: -0.4141, max: 0.3636, mean: 0.0820
9. Sum Average  — min: 0.1293, max: 1.0000, mean: 0.7754
10. Sum Variance — min: 0.0000, max: 25.1000, mean: 8.3456
11. Sum Entropy  — min: 0.0000, max: 44.7475, mean: 1.5797
12. Entropy      — min: 0.0000, max: 2.7878, mean: 0.8960
13. Diff Var     — min: -0.0000, max: 3.6889, mean: 1.2077
14. Diff Entropy — min: 0.0000, max: 6.5600, mean: 0.3774
2026-08-25 15:23:19,942: thirteen_features[Image: 1_080.pgm, function: cal_glcm_logged]-23:
1. Image stats  — min: 0, max: 248
2. Feature shape: (13, 217, 181)
3. Homogeneity  — min: 0.0000, max: 248.0000, mean: 75.5346
4. ASM          — min: 0.3333, max: 1.0000, mean: 0.7187
5. Edge         — min: 0.0250, max: 1.0000, mean: 0.4907
6. Contrast     — min: 0.0000, max: 151.7500, mean: 17.5092
7. Correlation  — min: 0.0000, max: 21.2500, mean: 0.9792
8. IDM          — min: -0.4141, max: 0.3636, mean: 0.0820
9. Sum Average  — min: 0.1293, max: 1.0000, mean: 0.7754
10. Sum Variance — min: 0.0000, max: 25.1000, mean: 8.3456
11. Sum Entropy  — min: 0.0000, max: 44.7475, mean: 1.5797
12. Entropy      — min: 0.0000, max: 2.7878, mean: 0.8960
13. Diff Var     — min: -0.0000, max: 3.6889, mean: 1.2077
14. Diff Entropy — min: 0.0000, max: 6.5600, mean: 0.3774
2026-08-26 09:58:32,205: thirteen_features[Image: 1_080.pgm, function: cal_glcm_logged]-24:
1. Image stats  — min: 0, max: 248
2. Feature shape: (13, 217, 181)
3. Homogeneity  — min: 0.0000, max: 248.0000, mean: 75.5346
4. ASM          — min: 0.3333, max: 1.0000, mean: 0.7187
5. Edge         — min: 0.0250, max: 1.0000, mean: 0.4907
6. Contrast     — min: 0.0000, max: 151.7500, mean: 17.5092
7. Correlation  — min: 0.0000, max: 21.2500, mean: 0.9792
8. IDM          — min: -0.4141, max: 0.3636, mean: 0.0820
9. Sum Average  — min: 0.1293, max: 1.0000, mean: 0.7754
10. Sum Variance — min: 0.0000, max: 25.1000, mean: 8.3456
11. Sum Entropy  — min: 0.0000, max: 44.7475, mean: 1.5797
12. Entropy      — min: 0.0000, max: 2.7878, mean: 0.8960
13. Diff Var     — min: -0.0000, max: 3.6889, mean: 1.2077
14. Diff Entropy — min: 0.0000, max: 6.5600, mean: 0.3774
2026-08-26 09:59:25,345: thirteen_features[Image: 1_080.pgm, function: cal_glcm_logged]-25:
1. Image stats  — min: 0, max: 248
2. Feature shape: (13, 217, 181)
3. Homogeneity  — min: 0.0000, max: 248.0000, mean: 75.5346
4. ASM          — min: 0.3333, max: 1.0000, mean: 0.7187
5. Edge         — min: 0.0250, max: 1.0000, mean: 0.4907
6. Contrast     — min: 0.0000, max: 151.7500, mean: 17.5092
7. Correlation  — min: 0.0000, max: 21.2500, mean: 0.9792
8. IDM          — min: -0.4141, max: 0.3636, mean: 0.0820
9. Sum Average  — min: 0.1293, max: 1.0000, mean: 0.7754
10. Sum Variance — min: 0.0000, max: 25.1000, mean: 8.3456
11. Sum Entropy  — min: 0.0000, max: 44.7475, mean: 1.5797
12. Entropy      — min: 0.0000, max: 2.7878, mean: 0.8960
13. Diff Var     — min: -0.0000, max: 3.6889, mean: 1.2077
14. Diff Entropy — min: 0.0000, max: 6.5600, mean: 0.3774
2026-08-26 10:08:34,758: thirteen_features[Image: 1_080.pgm, function: cal_glcm_logged]-26:
1. Image stats  — min: 0, max: 248
2. Feature shape: (13, 217, 181)
3. Homogeneity  — min: 0.0000, max: 248.0000, mean: 75.5346
4. ASM          — min: 0.3333, max: 1.0000, mean: 0.7187
5. Edge         — min: 0.0250, max: 1.0000, mean: 0.4907
6. Contrast     — min: 0.0000, max: 151.7500, mean: 17.5092
7. Correlation  — min: 0.0000, max: 21.2500, mean: 0.9792
8. IDM          — min: -0.4141, max: 0.3636, mean: 0.0820
9. Sum Average  — min: 0.1293, max: 1.0000, mean: 0.7754
10. Sum Variance — min: 0.0000, max: 25.1000, mean: 8.3456
11. Sum Entropy  — min: 0.0000, max: 44.7475, mean: 1.5797
12. Entropy      — min: 0.0000, max: 2.7878, mean: 0.8960
13. Diff Var     — min: -0.0000, max: 3.6889, mean: 1.2077
14. Diff Entropy — min: 0.0000, max: 6.5600, mean: 0.3774
2026-08-26 10:10:45,117: thirteen_features[Image: 1_080.pgm, function: cal_glcm_logged]-27:
1. Image stats  — min: 0, max: 248
2. Feature shape: (13, 217, 181)
3. Homogeneity  — min: 0.0000, max: 248.0000, mean: 75.5346
4. ASM          — min: 0.3333, max: 1.0000, mean: 0.7187
5. Edge         — min: 0.0250, max: 1.0000, mean: 0.4907
6. Contrast     — min: 0.0000, max: 151.7500, mean: 17.5092
7. Correlation  — min: 0.0000, max: 21.2500, mean: 0.9792
8. IDM          — min: -0.4141, max: 0.3636, mean: 0.0820
9. Sum Average  — min: 0.1293, max: 1.0000, mean: 0.7754
10. Sum Variance — min: 0.0000, max: 25.1000, mean: 8.3456
11. Sum Entropy  — min: 0.0000, max: 44.7475, mean: 1.5797
12. Entropy      — min: 0.0000, max: 2.7878, mean: 0.8960
13. Diff Var     — min: -0.0000, max: 3.6889, mean: 1.2077
14. Diff Entropy — min: 0.0000, max: 6.5600, mean: 0.3774
2026-08-26 10:14:35,630: thirteen_features[Image: 1_080.pgm, function: cal_glcm_logged]-28:
1. Image stats  — min: 0, max: 248
2. Feature shape: (13, 217, 181)
3. Homogeneity  — min: 0.0000, max: 248.0000, mean: 75.5346
4. ASM          — min: 0.3333, max: 1.0000, mean: 0.7187
5. Edge         — min: 0.0250, max: 1.0000, mean: 0.4907
6. Contrast     — min: 0.0000, max: 151.7500, mean: 17.5092
7. Correlation  — min: 0.0000, max: 21.2500, mean: 0.9792
8. IDM          — min: -0.4141, max: 0.3636, mean: 0.0820
9. Sum Average  — min: 0.1293, max: 1.0000, mean: 0.7754
10. Sum Variance — min: 0.0000, max: 25.1000, mean: 8.3456
11. Sum Entropy  — min: 0.0000, max: 44.7475, mean: 1.5797
12. Entropy      — min: 0.0000, max: 2.7878, mean: 0.8960
13. Diff Var     — min: -0.0000, max: 3.6889, mean: 1.2077
14. Diff Entropy — min: 0.0000, max: 6.5600, mean: 0.3774
2026-08-26 10:16:09,125: thirteen_features[Image: 1_080.pgm, function: cal_glcm_logged]-29:
1. Image stats  — min: 0, max: 248
2. Feature shape: (13, 217, 181)
3. Homogeneity  — min: 0.0000, max: 248.0000, mean: 75.5346
4. ASM          — min: 0.3333, max: 1.0000, mean: 0.7187
5. Edge         — min: 0.0250, max: 1.0000, mean: 0.4907
6. Contrast     — min: 0.0000, max: 151.7500, mean: 17.5092
7. Correlation  — min: 0.0000, max: 21.2500, mean: 0.9792
8. IDM          — min: -0.4141, max: 0.3636, mean: 0.0820
9. Sum Average  — min: 0.1293, max: 1.0000, mean: 0.7754
10. Sum Variance — min: 0.0000, max: 25.1000, mean: 8.3456
11. Sum Entropy  — min: 0.0000, max: 44.7475, mean: 1.5797
12. Entropy      — min: 0.0000, max: 2.7878, mean: 0.8960
13. Diff Var     — min: -0.0000, max: 3.6889, mean: 1.2077
14. Diff Entropy — min: 0.0000, max: 6.5600, mean: 0.3774
2026-08-26 10:18:38,089: thirteen_features[Image: 1_080.pgm, function: cal_glcm_logged]-30:
1. Image stats  — min: 0, max: 248
2. Feature shape: (13, 217, 181)
3. Homogeneity  — min: 0.0000, max: 248.0000, mean: 75.5346
4. ASM          — min: 0.3333, max: 1.0000, mean: 0.7187
5. Edge         — min: 0.0250, max: 1.0000, mean: 0.4907
6. Contrast     — min: 0.0000, max: 151.7500, mean: 17.5092
7. Correlation  — min: 0.0000, max: 21.2500, mean: 0.9792
8. IDM          — min: -0.4141, max: 0.3636, mean: 0.0820
9. Sum Average  — min: 0.1293, max: 1.0000, mean: 0.7754
10. Sum Variance — min: 0.0000, max: 25.1000, mean: 8.3456
11. Sum Entropy  — min: 0.0000, max: 44.7475, mean: 1.5797
12. Entropy      — min: 0.0000, max: 2.7878, mean: 0.8960
13. Diff Var     — min: -0.0000, max: 3.6889, mean: 1.2077
14. Diff Entropy — min: 0.0000, max: 6.5600, mean: 0.3774
2026-08-26 10:19:05,454: thirteen_features[Image: 1_080.pgm, function: cal_glcm_logged]-31:
1. Image stats  — min: 0, max: 248
2. Feature shape: (13, 217, 181)
3. Homogeneity  — min: 0.0000, max: 248.0000, mean: 75.5346
4. ASM          — min: 0.3333, max: 1.0000, mean: 0.7187
5. Edge         — min: 0.0250, max: 1.0000, mean: 0.4907
6. Contrast     — min: 0.0000, max: 151.7500, mean: 17.5092
7. Correlation  — min: 0.0000, max: 21.2500, mean: 0.9792
8. IDM          — min: -0.4141, max: 0.3636, mean: 0.0820
9. Sum Average  — min: 0.1293, max: 1.0000, mean: 0.7754
10. Sum Variance — min: 0.0000, max: 25.1000, mean: 8.3456
11. Sum Entropy  — min: 0.0000, max: 44.7475, mean: 1.5797
12. Entropy      — min: 0.0000, max: 2.7878, mean: 0.8960
13. Diff Var     — min: -0.0000, max: 3.6889, mean: 1.2077
14. Diff Entropy — min: 0.0000, max: 6.5600, mean: 0.3774
2026-08-26 10:24:50,744: thirteen_features[Image: 1_080.pgm, function: cal_glcm_logged]-32:
1. Image stats  — min: 0, max: 248
2. Feature shape: (13, 217, 181)
3. Homogeneity  — min: 0.0000, max: 248.0000, mean: 75.5346
4. ASM          — min: 0.3333, max: 1.0000, mean: 0.7187
5. Edge         — min: 0.0250, max: 1.0000, mean: 0.4907
6. Contrast     — min: 0.0000, max: 151.7500, mean: 17.5092
7. Correlation  — min: 0.0000, max: 21.2500, mean: 0.9792
8. IDM          — min: -0.4141, max: 0.3636, mean: 0.0820
9. Sum Average  — min: 0.1293, max: 1.0000, mean: 0.7754
10. Sum Variance — min: 0.0000, max: 25.1000, mean: 8.3456
11. Sum Entropy  — min: 0.0000, max: 44.7475, mean: 1.5797
12. Entropy      — min: 0.0000, max: 2.7878, mean: 0.8960
13. Diff Var     — min: -0.0000, max: 3.6889, mean: 1.2077
14. Diff Entropy — min: 0.0000, max: 6.5600, mean: 0.3774
2026-08-26 18:53:32,077: thirteen_features[Image: 1_080.pgm, function: cal_glcm_logged]-33:
1. Image stats  — min: 0, max: 248
2. Feature shape: (13, 217, 181)
3. Homogeneity  — min: 0.0000, max: 248.0000, mean: 75.5346
4. ASM          — min: 0.3333, max: 1.0000, mean: 0.7187
5. Edge         — min: 0.0250, max: 1.0000, mean: 0.4907
6. Contrast     — min: 0.0000, max: 151.7500, mean: 17.5092
7. Correlation  — min: 0.0000, max: 21.2500, mean: 0.9792
8. IDM          — min: -0.4141, max: 0.3636, mean: 0.0820
9. Sum Average  — min: 0.1293, max: 1.0000, mean: 0.7754
10. Sum Variance — min: 0.0000, max: 25.1000, mean: 8.3456
11. Sum Entropy  — min: 0.0000, max: 44.7475, mean: 1.5797
12. Entropy      — min: 0.0000, max: 2.7878, mean: 0.8960
13. Diff Var     — min: -0.0000, max: 3.6889, mean: 1.2077
14. Diff Entropy — min: 0.0000, max: 6.5600, mean: 0.3774
2026-08-26 18:55:42,421: thirteen_features[Image: 1_100.pgm, function: cal_glcm_logged]-1:
1. Image stats  — min: 0, max: 250
2. Feature shape: (13, 217, 181)
3. Homogeneity  — min: 0.0000, max: 250.0000, mean: 72.8349
4. ASM          — min: 0.3333, max: 1.0000, mean: 0.7675
5. Edge         — min: 0.0250, max: 1.0000, mean: 0.5759
6. Contrast     — min: 0.0000, max: 160.0000, mean: 16.0293
7. Correlation  — min: 0.0000, max: 24.1500, mean: 0.8740
8. IDM          — min: -0.4141, max: 0.3637, mean: 0.0747
9. Sum Average  — min: 0.1131, max: 1.0000, mean: 0.8117
10. Sum Variance — min: 0.0000, max: 26.2000, mean: 7.8677
11. Sum Entropy  — min: 0.0000, max: 51.0475, mean: 1.4456
12. Entropy      — min: 0.0000, max: 2.8571, mean: 0.7531
13. Diff Var     — min: -0.0000, max: 3.6889, mean: 1.0117
14. Diff Entropy — min: 0.0000, max: 7.5000, mean: 0.3383
2026-08-26 18:58:28,456: thirteen_features[Image: 1_100.pgm, function: cal_glcm_logged]-2:
1. Image stats  — min: 0, max: 250
2. Feature shape: (13, 217, 181)
3. Homogeneity  — min: 0.0000, max: 250.0000, mean: 72.8349
4. ASM          — min: 0.3333, max: 1.0000, mean: 0.7675
5. Edge         — min: 0.0250, max: 1.0000, mean: 0.5759
6. Contrast     — min: 0.0000, max: 160.0000, mean: 16.0293
7. Correlation  — min: 0.0000, max: 24.1500, mean: 0.8740
8. IDM          — min: -0.4141, max: 0.3637, mean: 0.0747
9. Sum Average  — min: 0.1131, max: 1.0000, mean: 0.8117
10. Sum Variance — min: 0.0000, max: 26.2000, mean: 7.8677
11. Sum Entropy  — min: 0.0000, max: 51.0475, mean: 1.4456
12. Entropy      — min: 0.0000, max: 2.8571, mean: 0.7531
13. Diff Var     — min: -0.0000, max: 3.6889, mean: 1.0117
14. Diff Entropy — min: 0.0000, max: 7.5000, mean: 0.3383
2026-08-26 19:01:04,305: thirteen_features[Image: 1_100.pgm, function: cal_glcm_logged]-3:
1. Image stats  — min: 0, max: 250
2. Feature shape: (13, 217, 181)
3. Homogeneity  — min: 0.0000, max: 250.0000, mean: 72.8349
4. ASM          — min: 0.3333, max: 1.0000, mean: 0.7675
5. Edge         — min: 0.0250, max: 1.0000, mean: 0.5759
6. Contrast     — min: 0.0000, max: 160.0000, mean: 16.0293
7. Correlation  — min: 0.0000, max: 24.1500, mean: 0.8740
8. IDM          — min: -0.4141, max: 0.3637, mean: 0.0747
9. Sum Average  — min: 0.1131, max: 1.0000, mean: 0.8117
10. Sum Variance — min: 0.0000, max: 26.2000, mean: 7.8677
11. Sum Entropy  — min: 0.0000, max: 51.0475, mean: 1.4456
12. Entropy      — min: 0.0000, max: 2.8571, mean: 0.7531
13. Diff Var     — min: -0.0000, max: 3.6889, mean: 1.0117
14. Diff Entropy — min: 0.0000, max: 7.5000, mean: 0.3383
2026-08-26 20:53:44,214: thirteen_features[Image: 1_100.pgm, function: cal_glcm_logged]-4:
1. Image stats  — min: 0, max: 250
2. Feature shape: (13, 217, 181)
3. Homogeneity  — min: 0.0000, max: 250.0000, mean: 72.8349
4. ASM          — min: 0.3333, max: 1.0000, mean: 0.7675
5. Edge         — min: 0.0250, max: 1.0000, mean: 0.5759
6. Contrast     — min: 0.0000, max: 160.0000, mean: 16.0293
7. Correlation  — min: 0.0000, max: 24.1500, mean: 0.8740
8. IDM          — min: -0.4141, max: 0.3637, mean: 0.0747
9. Sum Average  — min: 0.1131, max: 1.0000, mean: 0.8117
10. Sum Variance — min: 0.0000, max: 26.2000, mean: 7.8677
11. Sum Entropy  — min: 0.0000, max: 51.0475, mean: 1.4456
12. Entropy      — min: 0.0000, max: 2.8571, mean: 0.7531
13. Diff Var     — min: -0.0000, max: 3.6889, mean: 1.0117
14. Diff Entropy — min: 0.0000, max: 7.5000, mean: 0.3383
2026-08-26 20:58:21,771: thirteen_features[Image: 1_100.pgm, function: cal_glcm_logged]-5:
1. Image stats  — min: 0, max: 250
2. Feature shape: (13, 217, 181)
3. Homogeneity  — min: 0.0000, max: 250.0000, mean: 72.8349
4. ASM          — min: 0.3333, max: 1.0000, mean: 0.7675
5. Edge         — min: 0.0250, max: 1.0000, mean: 0.5759
6. Contrast     — min: 0.0000, max: 160.0000, mean: 16.0293
7. Correlation  — min: 0.0000, max: 24.1500, mean: 0.8740
8. IDM          — min: -0.4141, max: 0.3637, mean: 0.0747
9. Sum Average  — min: 0.1131, max: 1.0000, mean: 0.8117
10. Sum Variance — min: 0.0000, max: 26.2000, mean: 7.8677
11. Sum Entropy  — min: 0.0000, max: 51.0475, mean: 1.4456
12. Entropy      — min: 0.0000, max: 2.8571, mean: 0.7531
13. Diff Var     — min: -0.0000, max: 3.6889, mean: 1.0117
14. Diff Entropy — min: 0.0000, max: 7.5000, mean: 0.3383
2026-08-26 21:01:16,532: thirteen_features[Image: 1_100.pgm, function: cal_glcm_logged]-6:
1. Image stats  — min: 0, max: 250
2. Feature shape: (13, 217, 181)
3. Homogeneity  — min: 0.0000, max: 250.0000, mean: 72.8349
4. ASM          — min: 0.3333, max: 1.0000, mean: 0.7675
5. Edge         — min: 0.0250, max: 1.0000, mean: 0.5759
6. Contrast     — min: 0.0000, max: 160.0000, mean: 16.0293
7. Correlation  — min: 0.0000, max: 24.1500, mean: 0.8740
8. IDM          — min: -0.4141, max: 0.3637, mean: 0.0747
9. Sum Average  — min: 0.1131, max: 1.0000, mean: 0.8117
10. Sum Variance — min: 0.0000, max: 26.2000, mean: 7.8677
11. Sum Entropy  — min: 0.0000, max: 51.0475, mean: 1.4456
12. Entropy      — min: 0.0000, max: 2.8571, mean: 0.7531
13. Diff Var     — min: -0.0000, max: 3.6889, mean: 1.0117
14. Diff Entropy — min: 0.0000, max: 7.5000, mean: 0.3383
2026-08-26 21:03:04,961: thirteen_features[Image: 1_050.pgm, function: cal_glcm_logged]-1:
1. Image stats  — min: 0, max: 255
2. Feature shape: (13, 217, 181)
3. Homogeneity  — min: 0.0000, max: 255.0000, mean: 69.0853
4. ASM          — min: 0.3333, max: 1.0000, mean: 0.7389
5. Edge         — min: 0.0250, max: 1.0000, mean: 0.5414
6. Contrast     — min: 0.0000, max: 126.7500, mean: 17.1480
7. Correlation  — min: 0.0000, max: 15.3500, mean: 0.8530
8. IDM          — min: -0.4433, max: 0.3636, mean: 0.0806
9. Sum Average  — min: 0.1689, max: 1.0000, mean: 0.7977
10. Sum Variance — min: 0.0000, max: 27.3000, mean: 7.3446
11. Sum Entropy  — min: 0.0000, max: 31.2875, mean: 1.3735
12. Entropy      — min: 0.0000, max: 2.7878, mean: 0.8143
13. Diff Var     — min: -0.0000, max: 3.6889, mean: 1.0958
14. Diff Entropy — min: 0.0000, max: 5.5600, mean: 0.3342
2026-08-26 21:04:46,018: thirteen_features[Image: 1_100.pgm, function: cal_glcm_logged]-7:
1. Image stats  — min: 0, max: 250
2. Feature shape: (13, 217, 181)
3. Homogeneity  — min: 0.0000, max: 250.0000, mean: 72.8349
4. ASM          — min: 0.3333, max: 1.0000, mean: 0.7675
5. Edge         — min: 0.0250, max: 1.0000, mean: 0.5759
6. Contrast     — min: 0.0000, max: 160.0000, mean: 16.0293
7. Correlation  — min: 0.0000, max: 24.1500, mean: 0.8740
8. IDM          — min: -0.4141, max: 0.3637, mean: 0.0747
9. Sum Average  — min: 0.1131, max: 1.0000, mean: 0.8117
10. Sum Variance — min: 0.0000, max: 26.2000, mean: 7.8677
11. Sum Entropy  — min: 0.0000, max: 51.0475, mean: 1.4456
12. Entropy      — min: 0.0000, max: 2.8571, mean: 0.7531
13. Diff Var     — min: -0.0000, max: 3.6889, mean: 1.0117
14. Diff Entropy — min: 0.0000, max: 7.5000, mean: 0.3383
2026-08-26 21:09:49,215: thirteen_features[Image: 1_100.pgm, function: cal_glcm_logged]-8:
1. Image stats  — min: 0, max: 250
2. Feature shape: (13, 217, 181)
3. Homogeneity  — min: 0.0000, max: 250.0000, mean: 72.8349
4. ASM          — min: 0.3333, max: 1.0000, mean: 0.7675
5. Edge         — min: 0.0250, max: 1.0000, mean: 0.5759
6. Contrast     — min: 0.0000, max: 160.0000, mean: 16.0293
7. Correlation  — min: 0.0000, max: 24.1500, mean: 0.8740
8. IDM          — min: -0.4141, max: 0.3637, mean: 0.0747
9. Sum Average  — min: 0.1131, max: 1.0000, mean: 0.8117
10. Sum Variance — min: 0.0000, max: 26.2000, mean: 7.8677
11. Sum Entropy  — min: 0.0000, max: 51.0475, mean: 1.4456
12. Entropy      — min: 0.0000, max: 2.8571, mean: 0.7531
13. Diff Var     — min: -0.0000, max: 3.6889, mean: 1.0117
14. Diff Entropy — min: 0.0000, max: 7.5000, mean: 0.3383
2026-08-28 02:02:08,011: thirteen_features[Image: 1_090.pgm, function: cal_glcm_logged]-7:
1. Image stats  — min: 0, max: 241
2. Feature shape: (13, 217, 181)
3. Homogeneity  — min: 0.0000, max: 241.0000, mean: 75.1451
4. ASM          — min: 0.3333, max: 1.0000, mean: 0.7598
5. Edge         — min: 0.0250, max: 1.0000, mean: 0.5468
6. Contrast     — min: 0.0000, max: 149.2500, mean: 16.6054
7. Correlation  — min: 0.0000, max: 20.3000, mean: 0.9489
8. IDM          — min: -0.4286, max: 0.3636, mean: 0.0847
9. Sum Average  — min: 0.1331, max: 1.0000, mean: 0.7940
10. Sum Variance — min: 0.0000, max: 26.0500, mean: 8.6282
11. Sum Entropy  — min: 0.0000, max: 43.1400, mean: 1.5651
12. Entropy      — min: 0.0000, max: 2.8571, mean: 0.8158
13. Diff Var     — min: -0.0000, max: 3.6889, mean: 1.1001
14. Diff Entropy — min: 0.0000, max: 6.2900, mean: 0.3616
2026-09-04 09:28:50,222: thirteen_features[Image: 1_090.pgm, function: cal_glcm_logged]-8:
1. Image stats  — min: 0, max: 241
2. Feature shape: (13, 217, 181)
3. Homogeneity  — min: 0.0000, max: 241.0000, mean: 75.1451
4. ASM          — min: 0.3333, max: 1.0000, mean: 0.7598
5. Edge         — min: 0.0250, max: 1.0000, mean: 0.5468
6. Contrast     — min: 0.0000, max: 149.2500, mean: 16.6054
7. Correlation  — min: 0.0000, max: 20.3000, mean: 0.9489
8. IDM          — min: -0.4286, max: 0.3636, mean: 0.0847
9. Sum Average  — min: 0.1331, max: 1.0000, mean: 0.7940
10. Sum Variance — min: 0.0000, max: 26.0500, mean: 8.6282
11. Sum Entropy  — min: 0.0000, max: 43.1400, mean: 1.5651
12. Entropy      — min: 0.0000, max: 2.8571, mean: 0.8158
13. Diff Var     — min: -0.0000, max: 3.6889, mean: 1.1001
14. Diff Entropy — min: 0.0000, max: 6.2900, mean: 0.3616
2026-09-04 09:29:12,741: thirteen_features[Image: 1_090.pgm, function: cal_glcm_logged]-9:
1. Image stats  — min: 0, max: 241
2. Feature shape: (13, 217, 181)
3. Homogeneity  — min: 0.0000, max: 241.0000, mean: 75.1451
4. ASM          — min: 0.3333, max: 1.0000, mean: 0.7598
5. Edge         — min: 0.0250, max: 1.0000, mean: 0.5468
6. Contrast     — min: 0.0000, max: 149.2500, mean: 16.6054
7. Correlation  — min: 0.0000, max: 20.3000, mean: 0.9489
8. IDM          — min: -0.4286, max: 0.3636, mean: 0.0847
9. Sum Average  — min: 0.1331, max: 1.0000, mean: 0.7940
10. Sum Variance — min: 0.0000, max: 26.0500, mean: 8.6282
11. Sum Entropy  — min: 0.0000, max: 43.1400, mean: 1.5651
12. Entropy      — min: 0.0000, max: 2.8571, mean: 0.8158
13. Diff Var     — min: -0.0000, max: 3.6889, mean: 1.1001
14. Diff Entropy — min: 0.0000, max: 6.2900, mean: 0.3616
2026-09-04 09:31:51,536: thirteen_features[Image: 1_090.pgm, function: cal_glcm_logged]-10:
1. Image stats  — min: 0, max: 241
2. Feature shape: (13, 217, 181)
3. Homogeneity  — min: 0.0000, max: 241.0000, mean: 75.1451
4. ASM          — min: 0.3333, max: 1.0000, mean: 0.7598
5. Edge         — min: 0.0250, max: 1.0000, mean: 0.5468
6. Contrast     — min: 0.0000, max: 149.2500, mean: 16.6054
7. Correlation  — min: 0.0000, max: 20.3000, mean: 0.9489
8. IDM          — min: -0.4286, max: 0.3636, mean: 0.0847
9. Sum Average  — min: 0.1331, max: 1.0000, mean: 0.7940
10. Sum Variance — min: 0.0000, max: 26.0500, mean: 8.6282
11. Sum Entropy  — min: 0.0000, max: 43.1400, mean: 1.5651
12. Entropy      — min: 0.0000, max: 2.8571, mean: 0.8158
13. Diff Var     — min: -0.0000, max: 3.6889, mean: 1.1001
14. Diff Entropy — min: 0.0000, max: 6.2900, mean: 0.3616
2026-09-04 09:31:52,710: thirteen_features[Image: 1_090.pgm, function: cal_glcm_logged]-11:
1. Image stats  — min: 0, max: 241
2. Feature shape: (13, 217, 181)
3. Homogeneity  — min: 0.0000, max: 241.0000, mean: 75.1451
4. ASM          — min: 0.3333, max: 1.0000, mean: 0.7598
5. Edge         — min: 0.0250, max: 1.0000, mean: 0.5468
6. Contrast     — min: 0.0000, max: 149.2500, mean: 16.6054
7. Correlation  — min: 0.0000, max: 20.3000, mean: 0.9489
8. IDM          — min: -0.4286, max: 0.3636, mean: 0.0847
9. Sum Average  — min: 0.1331, max: 1.0000, mean: 0.7940
10. Sum Variance — min: 0.0000, max: 26.0500, mean: 8.6282
11. Sum Entropy  — min: 0.0000, max: 43.1400, mean: 1.5651
12. Entropy      — min: 0.0000, max: 2.8571, mean: 0.8158
13. Diff Var     — min: -0.0000, max: 3.6889, mean: 1.1001
14. Diff Entropy — min: 0.0000, max: 6.2900, mean: 0.3616
2026-09-04 09:31:54,834: thirteen_features[Image: 1_090.pgm, function: cal_glcm_logged]-12:
1. Image stats  — min: 0, max: 241
2. Feature shape: (13, 217, 181)
3. Homogeneity  — min: 0.0000, max: 241.0000, mean: 75.1451
4. ASM          — min: 0.3333, max: 1.0000, mean: 0.7598
5. Edge         — min: 0.0250, max: 1.0000, mean: 0.5468
6. Contrast     — min: 0.0000, max: 149.2500, mean: 16.6054
7. Correlation  — min: 0.0000, max: 20.3000, mean: 0.9489
8. IDM          — min: -0.4286, max: 0.3636, mean: 0.0847
9. Sum Average  — min: 0.1331, max: 1.0000, mean: 0.7940
10. Sum Variance — min: 0.0000, max: 26.0500, mean: 8.6282
11. Sum Entropy  — min: 0.0000, max: 43.1400, mean: 1.5651
12. Entropy      — min: 0.0000, max: 2.8571, mean: 0.8158
13. Diff Var     — min: -0.0000, max: 3.6889, mean: 1.1001
14. Diff Entropy — min: 0.0000, max: 6.2900, mean: 0.3616
2026-09-04 09:38:19,320: thirteen_features[Image: 1_080.pgm, function: cal_glcm_logged]-34:
1. Image stats  — min: 0, max: 248
2. Feature shape: (13, 217, 181)
3. Homogeneity  — min: 0.0000, max: 248.0000, mean: 75.5346
4. ASM          — min: 0.3333, max: 1.0000, mean: 0.7187
5. Edge         — min: 0.0250, max: 1.0000, mean: 0.4907
6. Contrast     — min: 0.0000, max: 151.7500, mean: 17.5092
7. Correlation  — min: 0.0000, max: 21.2500, mean: 0.9792
8. IDM          — min: -0.4141, max: 0.3636, mean: 0.0820
9. Sum Average  — min: 0.1293, max: 1.0000, mean: 0.7754
10. Sum Variance — min: 0.0000, max: 25.1000, mean: 8.3456
11. Sum Entropy  — min: 0.0000, max: 44.7475, mean: 1.5797
12. Entropy      — min: 0.0000, max: 2.7878, mean: 0.8960
13. Diff Var     — min: -0.0000, max: 3.6889, mean: 1.2077
14. Diff Entropy — min: 0.0000, max: 6.5600, mean: 0.3774
2026-09-04 09:46:07,680: thirteen_features[Image: 1_100.pgm, function: cal_glcm_logged]-9:
1. Image stats  — min: 0, max: 250
2. Feature shape: (13, 217, 181)
3. Homogeneity  — min: 0.0000, max: 250.0000, mean: 72.8349
4. ASM          — min: 0.3333, max: 1.0000, mean: 0.7675
5. Edge         — min: 0.0250, max: 1.0000, mean: 0.5759
6. Contrast     — min: 0.0000, max: 160.0000, mean: 16.0293
7. Correlation  — min: 0.0000, max: 24.1500, mean: 0.8740
8. IDM          — min: -0.4141, max: 0.3637, mean: 0.0747
9. Sum Average  — min: 0.1131, max: 1.0000, mean: 0.8117
10. Sum Variance — min: 0.0000, max: 26.2000, mean: 7.8677
11. Sum Entropy  — min: 0.0000, max: 51.0475, mean: 1.4456
12. Entropy      — min: 0.0000, max: 2.8571, mean: 0.7531
13. Diff Var     — min: -0.0000, max: 3.6889, mean: 1.0117
14. Diff Entropy — min: 0.0000, max: 7.5000, mean: 0.3383
2026-09-04 09:47:18,672: thirteen_features[Image: 1_100.pgm, function: cal_glcm_logged]-10:
1. Image stats  — min: 0, max: 250
2. Feature shape: (13, 217, 181)
3. Homogeneity  — min: 0.0000, max: 250.0000, mean: 72.8349
4. ASM          — min: 0.3333, max: 1.0000, mean: 0.7675
5. Edge         — min: 0.0250, max: 1.0000, mean: 0.5759
6. Contrast     — min: 0.0000, max: 160.0000, mean: 16.0293
7. Correlation  — min: 0.0000, max: 24.1500, mean: 0.8740
8. IDM          — min: -0.4141, max: 0.3637, mean: 0.0747
9. Sum Average  — min: 0.1131, max: 1.0000, mean: 0.8117
10. Sum Variance — min: 0.0000, max: 26.2000, mean: 7.8677
11. Sum Entropy  — min: 0.0000, max: 51.0475, mean: 1.4456
12. Entropy      — min: 0.0000, max: 2.8571, mean: 0.7531
13. Diff Var     — min: -0.0000, max: 3.6889, mean: 1.0117
14. Diff Entropy — min: 0.0000, max: 7.5000, mean: 0.3383
2026-09-04 17:51:18,804: thirteen_features[Image: 1_100.pgm, function: cal_glcm_logged]-11:
1. Image stats  — min: 0, max: 250
2. Feature shape: (13, 217, 181)
3. Homogeneity  — min: 0.0000, max: 250.0000, mean: 72.8349
4. ASM          — min: 0.3333, max: 1.0000, mean: 0.7675
5. Edge         — min: 0.0250, max: 1.0000, mean: 0.5759
6. Contrast     — min: 0.0000, max: 160.0000, mean: 16.0293
7. Correlation  — min: 0.0000, max: 24.1500, mean: 0.8740
8. IDM          — min: -0.4141, max: 0.3637, mean: 0.0747
9. Sum Average  — min: 0.1131, max: 1.0000, mean: 0.8117
10. Sum Variance — min: 0.0000, max: 26.2000, mean: 7.8677
11. Sum Entropy  — min: 0.0000, max: 51.0475, mean: 1.4456
12. Entropy      — min: 0.0000, max: 2.8571, mean: 0.7531
13. Diff Var     — min: -0.0000, max: 3.6889, mean: 1.0117
14. Diff Entropy — min: 0.0000, max: 7.5000, mean: 0.3383
2026-09-04 18:04:14,476: thirteen_features[Image: 1_100.pgm, function: cal_glcm_logged]-12:
1. Image stats  — min: 0, max: 250
2. Feature shape: (13, 217, 181)
3. Homogeneity  — min: 0.0000, max: 250.0000, mean: 72.8349
4. ASM          — min: 0.3333, max: 1.0000, mean: 0.7675
5. Edge         — min: 0.0250, max: 1.0000, mean: 0.5759
6. Contrast     — min: 0.0000, max: 160.0000, mean: 16.0293
7. Correlation  — min: 0.0000, max: 24.1500, mean: 0.8740
8. IDM          — min: -0.4141, max: 0.3637, mean: 0.0747
9. Sum Average  — min: 0.1131, max: 1.0000, mean: 0.8117
10. Sum Variance — min: 0.0000, max: 26.2000, mean: 7.8677
11. Sum Entropy  — min: 0.0000, max: 51.0475, mean: 1.4456
12. Entropy      — min: 0.0000, max: 2.8571, mean: 0.7531
13. Diff Var     — min: -0.0000, max: 3.6889, mean: 1.0117
14. Diff Entropy — min: 0.0000, max: 7.5000, mean: 0.3383
2026-09-04 18:30:57,973: thirteen_features[Image: 1_080.pgm, function: cal_glcm_logged]-35:
1. Image stats  — min: 0, max: 248
2. Feature shape: (13, 217, 181)
3. Homogeneity  — min: 0.0000, max: 248.0000, mean: 75.5346
4. ASM          — min: 0.3333, max: 1.0000, mean: 0.7187
5. Edge         — min: 0.0250, max: 1.0000, mean: 0.4907
6. Contrast     — min: 0.0000, max: 151.7500, mean: 17.5092
7. Correlation  — min: 0.0000, max: 21.2500, mean: 0.9792
8. IDM          — min: -0.4141, max: 0.3636, mean: 0.0820
9. Sum Average  — min: 0.1293, max: 1.0000, mean: 0.7754
10. Sum Variance — min: 0.0000, max: 25.1000, mean: 8.3456
11. Sum Entropy  — min: 0.0000, max: 44.7475, mean: 1.5797
12. Entropy      — min: 0.0000, max: 2.7878, mean: 0.8960
13. Diff Var     — min: -0.0000, max: 3.6889, mean: 1.2077
14. Diff Entropy — min: 0.0000, max: 6.5600, mean: 0.3774
2026-09-04 18:37:30,109: thirteen_features[Image: 1_050.pgm, function: cal_glcm_logged]-2:
1. Image stats  — min: 0, max: 255
2. Feature shape: (13, 217, 181)
3. Homogeneity  — min: 0.0000, max: 255.0000, mean: 69.0853
4. ASM          — min: 0.3333, max: 1.0000, mean: 0.7389
5. Edge         — min: 0.0250, max: 1.0000, mean: 0.5414
6. Contrast     — min: 0.0000, max: 126.7500, mean: 17.1480
7. Correlation  — min: 0.0000, max: 15.3500, mean: 0.8530
8. IDM          — min: -0.4433, max: 0.3636, mean: 0.0806
9. Sum Average  — min: 0.1689, max: 1.0000, mean: 0.7977
10. Sum Variance — min: 0.0000, max: 27.3000, mean: 7.3446
11. Sum Entropy  — min: 0.0000, max: 31.2875, mean: 1.3735
12. Entropy      — min: 0.0000, max: 2.7878, mean: 0.8143
13. Diff Var     — min: -0.0000, max: 3.6889, mean: 1.0958
14. Diff Entropy — min: 0.0000, max: 5.5600, mean: 0.3342
2026-09-04 19:11:08,977: thirteen_features[Image: 1_090.pgm, function: cal_glcm_logged]-13:
1. Image stats  — min: 0, max: 241
2. Feature shape: (13, 217, 181)
3. Homogeneity  — min: 0.0000, max: 241.0000, mean: 75.1451
4. ASM          — min: 0.3333, max: 1.0000, mean: 0.7598
5. Edge         — min: 0.0250, max: 1.0000, mean: 0.5468
6. Contrast     — min: 0.0000, max: 149.2500, mean: 16.6054
7. Correlation  — min: 0.0000, max: 20.3000, mean: 0.9489
8. IDM          — min: -0.4286, max: 0.3636, mean: 0.0847
9. Sum Average  — min: 0.1331, max: 1.0000, mean: 0.7940
10. Sum Variance — min: 0.0000, max: 26.0500, mean: 8.6282
11. Sum Entropy  — min: 0.0000, max: 43.1400, mean: 1.5651
12. Entropy      — min: 0.0000, max: 2.8571, mean: 0.8158
13. Diff Var     — min: -0.0000, max: 3.6889, mean: 1.1001
14. Diff Entropy — min: 0.0000, max: 6.2900, mean: 0.3616
2026-09-04 19:13:27,678: thirteen_features[Image: 1_100.pgm, function: cal_glcm_logged]-13:
1. Image stats  — min: 0, max: 250
2. Feature shape: (13, 217, 181)
3. Homogeneity  — min: 0.0000, max: 250.0000, mean: 72.8349
4. ASM          — min: 0.3333, max: 1.0000, mean: 0.7675
5. Edge         — min: 0.0250, max: 1.0000, mean: 0.5759
6. Contrast     — min: 0.0000, max: 160.0000, mean: 16.0293
7. Correlation  — min: 0.0000, max: 24.1500, mean: 0.8740
8. IDM          — min: -0.4141, max: 0.3637, mean: 0.0747
9. Sum Average  — min: 0.1131, max: 1.0000, mean: 0.8117
10. Sum Variance — min: 0.0000, max: 26.2000, mean: 7.8677
11. Sum Entropy  — min: 0.0000, max: 51.0475, mean: 1.4456
12. Entropy      — min: 0.0000, max: 2.8571, mean: 0.7531
13. Diff Var     — min: -0.0000, max: 3.6889, mean: 1.0117
14. Diff Entropy — min: 0.0000, max: 7.5000, mean: 0.3383
2026-09-04 19:19:09,829: thirteen_features[Image: 1_050.pgm, function: cal_glcm_logged]-3:
1. Image stats  — min: 0, max: 255
2. Feature shape: (13, 217, 181)
3. Homogeneity  — min: 0.0000, max: 255.0000, mean: 69.0853
4. ASM          — min: 0.3333, max: 1.0000, mean: 0.7389
5. Edge         — min: 0.0250, max: 1.0000, mean: 0.5414
6. Contrast     — min: 0.0000, max: 126.7500, mean: 17.1480
7. Correlation  — min: 0.0000, max: 15.3500, mean: 0.8530
8. IDM          — min: -0.4433, max: 0.3636, mean: 0.0806
9. Sum Average  — min: 0.1689, max: 1.0000, mean: 0.7977
10. Sum Variance — min: 0.0000, max: 27.3000, mean: 7.3446
11. Sum Entropy  — min: 0.0000, max: 31.2875, mean: 1.3735
12. Entropy      — min: 0.0000, max: 2.7878, mean: 0.8143
13. Diff Var     — min: -0.0000, max: 3.6889, mean: 1.0958
14. Diff Entropy — min: 0.0000, max: 5.5600, mean: 0.3342
2026-09-04 22:47:42,421: thirteen_features[Image: hiya.pgm, function: cal_glcm_logged]-1:
1. Image stats  — min: 9, max: 255
2. Feature shape: (13, 1600, 1200)
3. Homogeneity  — min: 9.0000, max: 255.0000, mean: 124.0152
4. ASM          — min: 0.3333, max: 1.0000, mean: 0.8677
5. Edge         — min: 0.0250, max: 1.0000, mean: 0.8105
6. Contrast     — min: 0.0000, max: 126.7500, mean: 4.5360
7. Correlation  — min: 0.0000, max: 16.6500, mean: 0.1794
8. IDM          — min: -0.4286, max: 0.3636, mean: 0.0218
9. Sum Average  — min: 0.1747, max: 1.0000, mean: 0.9349
10. Sum Variance — min: 0.0000, max: 30.0000, mean: 13.0349
11. Sum Entropy  — min: 0.0000, max: 34.2275, mean: 0.2414
12. Entropy      — min: 0.0000, max: 2.7878, mean: 0.2967
13. Diff Var     — min: -0.0000, max: 3.6889, mean: 0.3889
14. Diff Entropy — min: 0.0000, max: 6.1600, mean: 0.0888
2026-09-05 00:36:45,364: thirteen_features[Image: 1_050.pgm, function: cal_glcm_logged]-4:
1. Image stats  — min: 0, max: 255
2. Feature shape: (13, 217, 181)
3. Homogeneity  — min: 0.0000, max: 255.0000, mean: 69.0853
4. ASM          — min: 0.3333, max: 1.0000, mean: 0.7389
5. Edge         — min: 0.0250, max: 1.0000, mean: 0.5414
6. Contrast     — min: 0.0000, max: 126.7500, mean: 17.1480
7. Correlation  — min: 0.0000, max: 15.3500, mean: 0.8530
8. IDM          — min: -0.4433, max: 0.3636, mean: 0.0806
9. Sum Average  — min: 0.1689, max: 1.0000, mean: 0.7977
10. Sum Variance — min: 0.0000, max: 27.3000, mean: 7.3446
11. Sum Entropy  — min: 0.0000, max: 31.2875, mean: 1.3735
12. Entropy      — min: 0.0000, max: 2.7878, mean: 0.8143
13. Diff Var     — min: -0.0000, max: 3.6889, mean: 1.0958
14. Diff Entropy — min: 0.0000, max: 5.5600, mean: 0.3342
2026-09-05 01:03:48,727: thirteen_features[Image: 1_090.pgm, function: cal_glcm_logged]-14:
1. Image stats  — min: 0, max: 162
2. Feature shape: (13, 217, 181)
3. Homogeneity  — min: 0.0000, max: 162.0000, mean: 47.8628
4. ASM          — min: 0.3333, max: 1.0000, mean: 0.8366
5. Edge         — min: 0.0250, max: 1.0000, mean: 0.5752
6. Contrast     — min: 0.0000, max: 98.2500, mean: 8.8403
7. Correlation  — min: 0.0000, max: 23.0000, mean: 1.4030
8. IDM          — min: -0.4286, max: 0.3636, mean: -0.0059
9. Sum Average  — min: 0.1770, max: 1.0000, mean: 0.7703
10. Sum Variance — min: 0.0000, max: 24.6000, mean: 8.3701
11. Sum Entropy  — min: 0.0000, max: 35.9400, mean: 1.6192
12. Entropy      — min: 0.0000, max: 2.6492, mean: 0.7776
13. Diff Var     — min: -0.0000, max: 3.6889, mean: 1.1168
14. Diff Entropy — min: 0.0000, max: 14.5600, mean: 0.5421
2026-09-05 01:13:32,402: thirteen_features[Image: 1_100.pgm, function: cal_glcm_logged]-14:
1. Image stats  — min: 0, max: 250
2. Feature shape: (13, 217, 181)
3. Homogeneity  — min: 0.0000, max: 250.0000, mean: 72.8349
4. ASM          — min: 0.3333, max: 1.0000, mean: 0.7675
5. Edge         — min: 0.0250, max: 1.0000, mean: 0.5759
6. Contrast     — min: 0.0000, max: 160.0000, mean: 16.0293
7. Correlation  — min: 0.0000, max: 24.1500, mean: 0.8740
8. IDM          — min: -0.4141, max: 0.3637, mean: 0.0747
9. Sum Average  — min: 0.1131, max: 1.0000, mean: 0.8117
10. Sum Variance — min: 0.0000, max: 26.2000, mean: 7.8677
11. Sum Entropy  — min: 0.0000, max: 51.0475, mean: 1.4456
12. Entropy      — min: 0.0000, max: 2.8571, mean: 0.7531
13. Diff Var     — min: -0.0000, max: 3.6889, mean: 1.0117
14. Diff Entropy — min: 0.0000, max: 7.5000, mean: 0.3383
2026-09-05 01:21:52,622: thirteen_features[Image: 1_050.pgm, function: cal_glcm_logged]-5:
1. Image stats  — min: 0, max: 255
2. Feature shape: (13, 217, 181)
3. Homogeneity  — min: 0.0000, max: 255.0000, mean: 69.0853
4. ASM          — min: 0.3333, max: 1.0000, mean: 0.7389
5. Edge         — min: 0.0250, max: 1.0000, mean: 0.5414
6. Contrast     — min: 0.0000, max: 126.7500, mean: 17.1480
7. Correlation  — min: 0.0000, max: 15.3500, mean: 0.8530
8. IDM          — min: -0.4433, max: 0.3636, mean: 0.0806
9. Sum Average  — min: 0.1689, max: 1.0000, mean: 0.7977
10. Sum Variance — min: 0.0000, max: 27.3000, mean: 7.3446
11. Sum Entropy  — min: 0.0000, max: 31.2875, mean: 1.3735
12. Entropy      — min: 0.0000, max: 2.7878, mean: 0.8143
13. Diff Var     — min: -0.0000, max: 3.6889, mean: 1.0958
14. Diff Entropy — min: 0.0000, max: 5.5600, mean: 0.3342
2026-09-05 01:24:25,536: thirteen_features[Image: 1_050.pgm, function: cal_glcm_logged]-6:
1. Image stats  — min: 0, max: 255
2. Feature shape: (13, 217, 181)
3. Homogeneity  — min: 0.0000, max: 255.0000, mean: 69.0853
4. ASM          — min: 0.3333, max: 1.0000, mean: 0.7389
5. Edge         — min: 0.0250, max: 1.0000, mean: 0.5414
6. Contrast     — min: 0.0000, max: 126.7500, mean: 17.1480
7. Correlation  — min: 0.0000, max: 15.3500, mean: 0.8530
8. IDM          — min: -0.4433, max: 0.3636, mean: 0.0806
9. Sum Average  — min: 0.1689, max: 1.0000, mean: 0.7977
10. Sum Variance — min: 0.0000, max: 27.3000, mean: 7.3446
11. Sum Entropy  — min: 0.0000, max: 31.2875, mean: 1.3735
12. Entropy      — min: 0.0000, max: 2.7878, mean: 0.8143
13. Diff Var     — min: -0.0000, max: 3.6889, mean: 1.0958
14. Diff Entropy — min: 0.0000, max: 5.5600, mean: 0.3342
2026-09-05 01:25:10,284: thirteen_features[Image: 1_100.pgm, function: cal_glcm_logged]-15:
1. Image stats  — min: 0, max: 250
2. Feature shape: (13, 217, 181)
3. Homogeneity  — min: 0.0000, max: 250.0000, mean: 72.8349
4. ASM          — min: 0.3333, max: 1.0000, mean: 0.7675
5. Edge         — min: 0.0250, max: 1.0000, mean: 0.5759
6. Contrast     — min: 0.0000, max: 160.0000, mean: 16.0293
7. Correlation  — min: 0.0000, max: 24.1500, mean: 0.8740
8. IDM          — min: -0.4141, max: 0.3637, mean: 0.0747
9. Sum Average  — min: 0.1131, max: 1.0000, mean: 0.8117
10. Sum Variance — min: 0.0000, max: 26.2000, mean: 7.8677
11. Sum Entropy  — min: 0.0000, max: 51.0475, mean: 1.4456
12. Entropy      — min: 0.0000, max: 2.8571, mean: 0.7531
13. Diff Var     — min: -0.0000, max: 3.6889, mean: 1.0117
14. Diff Entropy — min: 0.0000, max: 7.5000, mean: 0.3383
2026-09-05 01:26:02,507: thirteen_features[Image: hiya.pgm, function: cal_glcm_logged]-2:
1. Image stats  — min: 9, max: 255
2. Feature shape: (13, 1600, 1200)
3. Homogeneity  — min: 9.0000, max: 255.0000, mean: 124.0152
4. ASM          — min: 0.3333, max: 1.0000, mean: 0.8677
5. Edge         — min: 0.0250, max: 1.0000, mean: 0.8105
6. Contrast     — min: 0.0000, max: 126.7500, mean: 4.5360
7. Correlation  — min: 0.0000, max: 16.6500, mean: 0.1794
8. IDM          — min: -0.4286, max: 0.3636, mean: 0.0218
9. Sum Average  — min: 0.1747, max: 1.0000, mean: 0.9349
10. Sum Variance — min: 0.0000, max: 30.0000, mean: 13.0349
11. Sum Entropy  — min: 0.0000, max: 34.2275, mean: 0.2414
12. Entropy      — min: 0.0000, max: 2.7878, mean: 0.2967
13. Diff Var     — min: -0.0000, max: 3.6889, mean: 0.3889
14. Diff Entropy — min: 0.0000, max: 6.1600, mean: 0.0888
2026-09-05 01:28:03,083: thirteen_features[Image: hiya.pgm, function: cal_glcm_logged]-3:
1. Image stats  — min: 9, max: 255
2. Feature shape: (13, 1600, 1200)
3. Homogeneity  — min: 9.0000, max: 255.0000, mean: 124.0152
4. ASM          — min: 0.3333, max: 1.0000, mean: 0.8677
5. Edge         — min: 0.0250, max: 1.0000, mean: 0.8105
6. Contrast     — min: 0.0000, max: 126.7500, mean: 4.5360
7. Correlation  — min: 0.0000, max: 16.6500, mean: 0.1794
8. IDM          — min: -0.4286, max: 0.3636, mean: 0.0218
9. Sum Average  — min: 0.1747, max: 1.0000, mean: 0.9349
10. Sum Variance — min: 0.0000, max: 30.0000, mean: 13.0349
11. Sum Entropy  — min: 0.0000, max: 34.2275, mean: 0.2414
12. Entropy      — min: 0.0000, max: 2.7878, mean: 0.2967
13. Diff Var     — min: -0.0000, max: 3.6889, mean: 0.3889
14. Diff Entropy — min: 0.0000, max: 6.1600, mean: 0.0888
2026-09-05 01:36:11,798: thirteen_features[Image: hiya.pgm, function: cal_glcm_logged]-4:
1. Image stats  — min: 9, max: 255
2. Feature shape: (13, 1600, 1200)
3. Homogeneity  — min: 9.0000, max: 255.0000, mean: 124.0152
4. ASM          — min: 0.3333, max: 1.0000, mean: 0.8677
5. Edge         — min: 0.0250, max: 1.0000, mean: 0.8105
6. Contrast     — min: 0.0000, max: 126.7500, mean: 4.5360
7. Correlation  — min: 0.0000, max: 16.6500, mean: 0.1794
8. IDM          — min: -0.4286, max: 0.3636, mean: 0.0218
9. Sum Average  — min: 0.1747, max: 1.0000, mean: 0.9349
10. Sum Variance — min: 0.0000, max: 30.0000, mean: 13.0349
11. Sum Entropy  — min: 0.0000, max: 34.2275, mean: 0.2414
12. Entropy      — min: 0.0000, max: 2.7878, mean: 0.2967
13. Diff Var     — min: -0.0000, max: 3.6889, mean: 0.3889
14. Diff Entropy — min: 0.0000, max: 6.1600, mean: 0.0888
2026-09-05 01:39:57,220: thirteen_features[Image: 1_100.pgm, function: cal_glcm_logged]-16:
1. Image stats  — min: 0, max: 250
2. Feature shape: (13, 217, 181)
3. Homogeneity  — min: 0.0000, max: 250.0000, mean: 72.8349
4. ASM          — min: 0.3333, max: 1.0000, mean: 0.7675
5. Edge         — min: 0.0250, max: 1.0000, mean: 0.5759
6. Contrast     — min: 0.0000, max: 160.0000, mean: 16.0293
7. Correlation  — min: 0.0000, max: 24.1500, mean: 0.8740
8. IDM          — min: -0.4141, max: 0.3637, mean: 0.0747
9. Sum Average  — min: 0.1131, max: 1.0000, mean: 0.8117
10. Sum Variance — min: 0.0000, max: 26.2000, mean: 7.8677
11. Sum Entropy  — min: 0.0000, max: 51.0475, mean: 1.4456
12. Entropy      — min: 0.0000, max: 2.8571, mean: 0.7531
13. Diff Var     — min: -0.0000, max: 3.6889, mean: 1.0117
14. Diff Entropy — min: 0.0000, max: 7.5000, mean: 0.3383
2026-09-05 01:40:24,801: thirteen_features[Image: 1_100.pgm, function: cal_glcm_logged]-17:
1. Image stats  — min: 0, max: 250
2. Feature shape: (13, 217, 181)
3. Homogeneity  — min: 0.0000, max: 250.0000, mean: 72.8349
4. ASM          — min: 0.3333, max: 1.0000, mean: 0.7675
5. Edge         — min: 0.0250, max: 1.0000, mean: 0.5759
6. Contrast     — min: 0.0000, max: 160.0000, mean: 16.0293
7. Correlation  — min: 0.0000, max: 24.1500, mean: 0.8740
8. IDM          — min: -0.4141, max: 0.3637, mean: 0.0747
9. Sum Average  — min: 0.1131, max: 1.0000, mean: 0.8117
10. Sum Variance — min: 0.0000, max: 26.2000, mean: 7.8677
11. Sum Entropy  — min: 0.0000, max: 51.0475, mean: 1.4456
12. Entropy      — min: 0.0000, max: 2.8571, mean: 0.7531
13. Diff Var     — min: -0.0000, max: 3.6889, mean: 1.0117
14. Diff Entropy — min: 0.0000, max: 7.5000, mean: 0.3383
2026-09-05 01:42:15,471: thirteen_features[Image: hiya.pgm, function: cal_glcm_logged]-5:
1. Image stats  — min: 9, max: 255
2. Feature shape: (13, 1600, 1200)
3. Homogeneity  — min: 9.0000, max: 255.0000, mean: 124.0152
4. ASM          — min: 0.3333, max: 1.0000, mean: 0.8677
5. Edge         — min: 0.0250, max: 1.0000, mean: 0.8105
6. Contrast     — min: 0.0000, max: 126.7500, mean: 4.5360
7. Correlation  — min: 0.0000, max: 16.6500, mean: 0.1794
8. IDM          — min: -0.4286, max: 0.3636, mean: 0.0218
9. Sum Average  — min: 0.1747, max: 1.0000, mean: 0.9349
10. Sum Variance — min: 0.0000, max: 30.0000, mean: 13.0349
11. Sum Entropy  — min: 0.0000, max: 34.2275, mean: 0.2414
12. Entropy      — min: 0.0000, max: 2.7878, mean: 0.2967
13. Diff Var     — min: -0.0000, max: 3.6889, mean: 0.3889
14. Diff Entropy — min: 0.0000, max: 6.1600, mean: 0.0888
2026-09-05 02:01:22,376: thirteen_features[Image: 1_100.pgm, function: cal_glcm_logged]-18:
1. Image stats  — min: 0, max: 250
2. Feature shape: (13, 217, 181)
3. Homogeneity  — min: 0.0000, max: 250.0000, mean: 72.8349
4. ASM          — min: 0.3333, max: 1.0000, mean: 0.7675
5. Edge         — min: 0.0250, max: 1.0000, mean: 0.5759
6. Contrast     — min: 0.0000, max: 160.0000, mean: 16.0293
7. Correlation  — min: 0.0000, max: 24.1500, mean: 0.8740
8. IDM          — min: -0.4141, max: 0.3637, mean: 0.0747
9. Sum Average  — min: 0.1131, max: 1.0000, mean: 0.8117
10. Sum Variance — min: 0.0000, max: 26.2000, mean: 7.8677
11. Sum Entropy  — min: 0.0000, max: 51.0475, mean: 1.4456
12. Entropy      — min: 0.0000, max: 2.8571, mean: 0.7531
13. Diff Var     — min: -0.0000, max: 3.6889, mean: 1.0117
14. Diff Entropy — min: 0.0000, max: 7.5000, mean: 0.3383
2026-09-05 10:10:52,984: thirteen_features[Image: 1_100.pgm, function: cal_glcm_logged]-19:
1. Image stats  — min: 0, max: 250
2. Feature shape: (13, 217, 181)
3. Homogeneity  — min: 0.0000, max: 250.0000, mean: 72.8349
4. ASM          — min: 0.3333, max: 1.0000, mean: 0.7675
5. Edge         — min: 0.0250, max: 1.0000, mean: 0.5759
6. Contrast     — min: 0.0000, max: 160.0000, mean: 16.0293
7. Correlation  — min: 0.0000, max: 24.1500, mean: 0.8740
8. IDM          — min: -0.4141, max: 0.3637, mean: 0.0747
9. Sum Average  — min: 0.1131, max: 1.0000, mean: 0.8117
10. Sum Variance — min: 0.0000, max: 26.2000, mean: 7.8677
11. Sum Entropy  — min: 0.0000, max: 51.0475, mean: 1.4456
12. Entropy      — min: 0.0000, max: 2.8571, mean: 0.7531
13. Diff Var     — min: -0.0000, max: 3.6889, mean: 1.0117
14. Diff Entropy — min: 0.0000, max: 7.5000, mean: 0.3383
2026-09-05 10:13:32,826: thirteen_features[Image: 1_100.pgm, function: cal_glcm_logged]-20:
1. Image stats  — min: 0, max: 250
2. Feature shape: (13, 217, 181)
3. Homogeneity  — min: 0.0000, max: 250.0000, mean: 72.8349
4. ASM          — min: 0.3333, max: 1.0000, mean: 0.7675
5. Edge         — min: 0.0250, max: 1.0000, mean: 0.5759
6. Contrast     — min: 0.0000, max: 160.0000, mean: 16.0293
7. Correlation  — min: 0.0000, max: 24.1500, mean: 0.8740
8. IDM          — min: -0.4141, max: 0.3637, mean: 0.0747
9. Sum Average  — min: 0.1131, max: 1.0000, mean: 0.8117
10. Sum Variance — min: 0.0000, max: 26.2000, mean: 7.8677
11. Sum Entropy  — min: 0.0000, max: 51.0475, mean: 1.4456
12. Entropy      — min: 0.0000, max: 2.8571, mean: 0.7531
13. Diff Var     — min: -0.0000, max: 3.6889, mean: 1.0117
14. Diff Entropy — min: 0.0000, max: 7.5000, mean: 0.3383
2026-09-05 10:21:39,509: thirteen_features[Image: 1_100.pgm, function: cal_glcm_logged]-21:
1. Image stats  — min: 0, max: 250
2. Feature shape: (13, 217, 181)
3. Homogeneity  — min: 0.0000, max: 250.0000, mean: 72.8349
4. ASM          — min: 0.3333, max: 1.0000, mean: 0.7675
5. Edge         — min: 0.0250, max: 1.0000, mean: 0.5759
6. Contrast     — min: 0.0000, max: 160.0000, mean: 16.0293
7. Correlation  — min: 0.0000, max: 24.1500, mean: 0.8740
8. IDM          — min: -0.4141, max: 0.3637, mean: 0.0747
9. Sum Average  — min: 0.1131, max: 1.0000, mean: 0.8117
10. Sum Variance — min: 0.0000, max: 26.2000, mean: 7.8677
11. Sum Entropy  — min: 0.0000, max: 51.0475, mean: 1.4456
12. Entropy      — min: 0.0000, max: 2.8571, mean: 0.7531
13. Diff Var     — min: -0.0000, max: 3.6889, mean: 1.0117
14. Diff Entropy — min: 0.0000, max: 7.5000, mean: 0.3383
2026-09-05 10:23:09,869: thirteen_features[Image: 1_080.pgm, function: cal_glcm_logged]-36:
1. Image stats  — min: 0, max: 248
2. Feature shape: (13, 217, 181)
3. Homogeneity  — min: 0.0000, max: 248.0000, mean: 75.5346
4. ASM          — min: 0.3333, max: 1.0000, mean: 0.7187
5. Edge         — min: 0.0250, max: 1.0000, mean: 0.4907
6. Contrast     — min: 0.0000, max: 151.7500, mean: 17.5092
7. Correlation  — min: 0.0000, max: 21.2500, mean: 0.9792
8. IDM          — min: -0.4141, max: 0.3636, mean: 0.0820
9. Sum Average  — min: 0.1293, max: 1.0000, mean: 0.7754
10. Sum Variance — min: 0.0000, max: 25.1000, mean: 8.3456
11. Sum Entropy  — min: 0.0000, max: 44.7475, mean: 1.5797
12. Entropy      — min: 0.0000, max: 2.7878, mean: 0.8960
13. Diff Var     — min: -0.0000, max: 3.6889, mean: 1.2077
14. Diff Entropy — min: 0.0000, max: 6.5600, mean: 0.3774
2026-09-06 00:51:07,361: thirteen_features[Image: 1_100.pgm, function: cal_glcm_logged]-22:
1. Image stats  — min: 0, max: 250
2. Feature shape: (13, 217, 181)
3. Homogeneity  — min: 0.0000, max: 250.0000, mean: 72.8349
4. ASM          — min: 0.3333, max: 1.0000, mean: 0.7675
5. Edge         — min: 0.0250, max: 1.0000, mean: 0.5759
6. Contrast     — min: 0.0000, max: 160.0000, mean: 16.0293
7. Correlation  — min: 0.0000, max: 24.1500, mean: 0.8740
8. IDM          — min: -0.4141, max: 0.3637, mean: 0.0747
9. Sum Average  — min: 0.1131, max: 1.0000, mean: 0.8117
10. Sum Variance — min: 0.0000, max: 26.2000, mean: 7.8677
11. Sum Entropy  — min: 0.0000, max: 51.0475, mean: 1.4456
12. Entropy      — min: 0.0000, max: 2.8571, mean: 0.7531
13. Diff Var     — min: -0.0000, max: 3.6889, mean: 1.0117
14. Diff Entropy — min: 0.0000, max: 7.5000, mean: 0.3383
2026-09-06 10:47:29,863: thirteen_features[Image: 1_080.pgm, function: cal_glcm_logged]-37:
1. Image stats  — min: 0, max: 248
2. Feature shape: (13, 217, 181)
3. Homogeneity  — min: 0.0000, max: 248.0000, mean: 75.5346
4. ASM          — min: 0.3333, max: 1.0000, mean: 0.7187
5. Edge         — min: 0.0250, max: 1.0000, mean: 0.4907
6. Contrast     — min: 0.0000, max: 151.7500, mean: 17.5092
7. Correlation  — min: 0.0000, max: 21.2500, mean: 0.9792
8. IDM          — min: -0.4141, max: 0.3636, mean: 0.0820
9. Sum Average  — min: 0.1293, max: 1.0000, mean: 0.7754
10. Sum Variance — min: 0.0000, max: 25.1000, mean: 8.3456
11. Sum Entropy  — min: 0.0000, max: 44.7475, mean: 1.5797
12. Entropy      — min: 0.0000, max: 2.7878, mean: 0.8960
13. Diff Var     — min: -0.0000, max: 3.6889, mean: 1.2077
14. Diff Entropy — min: 0.0000, max: 6.5600, mean: 0.3774
2026-09-06 10:52:06,090: thirteen_features[Image: 1_080.pgm, function: cal_glcm_logged]-38:
1. Image stats  — min: 0, max: 248
2. Feature shape: (13, 217, 181)
3. Homogeneity  — min: 0.0000, max: 248.0000, mean: 75.5346
4. ASM          — min: 0.3333, max: 1.0000, mean: 0.7187
5. Edge         — min: 0.0250, max: 1.0000, mean: 0.4907
6. Contrast     — min: 0.0000, max: 151.7500, mean: 17.5092
7. Correlation  — min: 0.0000, max: 21.2500, mean: 0.9792
8. IDM          — min: -0.4141, max: 0.3636, mean: 0.0820
9. Sum Average  — min: 0.1293, max: 1.0000, mean: 0.7754
10. Sum Variance — min: 0.0000, max: 25.1000, mean: 8.3456
11. Sum Entropy  — min: 0.0000, max: 44.7475, mean: 1.5797
12. Entropy      — min: 0.0000, max: 2.7878, mean: 0.8960
13. Diff Var     — min: -0.0000, max: 3.6889, mean: 1.2077
14. Diff Entropy — min: 0.0000, max: 6.5600, mean: 0.3774
